// Vitest Snapshot v1, https://vitest.dev/guide/snapshot.html

exports[`u-details > snapshot 1`] = `
<div>
  
        
  <u-details>
    
          
    <u-summary
      aria-controls="details-1"
      aria-expanded="false"
      id="summary-1"
      role="button"
      tabindex="0"
    >
      Summary 1
    </u-summary>
    
          
    <details
      aria-hidden="true"
      aria-labelledby="summary-1"
      id="details-1"
      role="group"
    >
      Details 1
      <summary
        hidden=""
      />
    </details>
    
        
  </u-details>
  
        
  <u-details
    open=""
  >
    
          
    <u-summary
      aria-controls="details-2"
      aria-expanded="true"
      id="summary-2"
      role="button"
      tabindex="0"
    >
      Summary 2
    </u-summary>
    
          
    <details
      aria-hidden="false"
      aria-labelledby="summary-2"
      id="details-2"
      open=""
      role="group"
    >
      Details 2
      <summary
        hidden=""
      />
    </details>
    
        
  </u-details>
  
        
  <u-details>
    
          
    <u-summary
      3<=""
      aria-expanded="false"
      id="summary-3"
      role="button"
      summary=""
      tabindex="0"
      u-summary=""
    >
      
          
      <details
        id="details-3"
      >
        <summary>
          Summary 3 nested
        </summary>
        Details 3
      </details>
      
        
    </u-summary>
  </u-details>
  
      
</div>
`;
