// Vitest Snapshot v1, https://vitest.dev/guide/snapshot.html

exports[`u-progress > snapshot 1`] = `
<u-progress
  aria-valuemax="100"
  aria-valuemin="0"
  aria-valuenow="50%"
  max="10"
  role="progressbar"
  style="--percentage: 50%;"
  value="5"
/>
`;
